
> bot-ui-nextjs@0.1.0 dev
> next dev --turbopack

   ▲ Next.js 15.3.3 (Turbopack)
   - Local:        http://localhost:3000
   - Network:      http://169.254.0.21:3000

 ✓ Starting...
Attention: Next.js now collects completely anonymous telemetry regarding usage.
This information is used to shape Next.js' roadmap and prioritize features.
You can learn more, including how to opt-out if you'd not like to participate in this anonymous program, by visiting the following URL:
https://nextjs.org/telemetry

 ✓ Ready in 1465ms
 ○ Compiling / ...
 ✓ Compiled / in 6.8s
 HEAD / 200 in 7565ms
 ○ Compiling /api/book ...
 ✓ Compiled /api/book in 940ms
 GET /api/book 200 in 1038ms
 POST /api/book 200 in 39ms
 GET / 200 in 191ms
 ⚠ Cross origin request detected from d54295172d7e8f14ad.blackbx.ai to /_next/* resource. In a future major version of Next.js, you will need to explicitly configure "allowedDevOrigins" in next.config to allow this.
Read more: https://nextjs.org/docs/app/api-reference/config/next-config-js/allowedDevOrigins
